// Jest Snapshot v1, https://goo.gl/fbAQLP

exports[`Footer text is render 1`] = `
<p
  className="footer"
>
  Â© copyright HCL 2021
</p>
`;
